Archive member included to satisfy reference by file (symbol)

/Applications/ArmGNUToolchain/15.3.rel1/arm-none-eabi/bin/../lib/gcc/arm-none-eabi/15.3.1/../../../../arm-none-eabi/lib/thumb/v7e-m+fp/hard/libg_nano.a(libc_a-exit.o)
                              /Applications/ArmGNUToolchain/15.3.rel1/arm-none-eabi/bin/../lib/gcc/arm-none-eabi/15.3.1/../../../../arm-none-eabi/lib/thumb/v7e-m+fp/hard/crt0.o (exit)
/Applications/ArmGNUToolchain/15.3.rel1/arm-none-eabi/bin/../lib/gcc/arm-none-eabi/15.3.1/../../../../arm-none-eabi/lib/thumb/v7e-m+fp/hard/libg_nano.a(libc_a-findfp.o)
                              /Applications/ArmGNUToolchain/15.3.rel1/arm-none-eabi/bin/../lib/gcc/arm-none-eabi/15.3.1/../../../../arm-none-eabi/lib/thumb/v7e-m+fp/hard/libg_nano.a(libc_a-exit.o) (__stdio_exit_handler)
/Applications/ArmGNUToolchain/15.3.rel1/arm-none-eabi/bin/../lib/gcc/arm-none-eabi/15.3.1/../../../../arm-none-eabi/lib/thumb/v7e-m+fp/hard/libg_nano.a(libc_a-fwalk.o)
                              /Applications/ArmGNUToolchain/15.3.rel1/arm-none-eabi/bin/../lib/gcc/arm-none-eabi/15.3.1/../../../../arm-none-eabi/lib/thumb/v7e-m+fp/hard/libg_nano.a(libc_a-findfp.o) (_fwalk_sglue)
/Applications/ArmGNUToolchain/15.3.rel1/arm-none-eabi/bin/../lib/gcc/arm-none-eabi/15.3.1/../../../../arm-none-eabi/lib/thumb/v7e-m+fp/hard/libg_nano.a(libc_a-memset.o)
                              /Applications/ArmGNUToolchain/15.3.rel1/arm-none-eabi/bin/../lib/gcc/arm-none-eabi/15.3.1/../../../../arm-none-eabi/lib/thumb/v7e-m+fp/hard/crt0.o (memset)
/Applications/ArmGNUToolchain/15.3.rel1/arm-none-eabi/bin/../lib/gcc/arm-none-eabi/15.3.1/../../../../arm-none-eabi/lib/thumb/v7e-m+fp/hard/libg_nano.a(libc_a-errno.o)
                              CMakeFiles/A1_execution_timing.dir/Core/Src/sysmem.c.obj (__errno)
/Applications/ArmGNUToolchain/15.3.rel1/arm-none-eabi/bin/../lib/gcc/arm-none-eabi/15.3.1/../../../../arm-none-eabi/lib/thumb/v7e-m+fp/hard/libg_nano.a(libc_a-init.o)
                              /Applications/ArmGNUToolchain/15.3.rel1/arm-none-eabi/bin/../lib/gcc/arm-none-eabi/15.3.1/../../../../arm-none-eabi/lib/thumb/v7e-m+fp/hard/crt0.o (__libc_init_array)
/Applications/ArmGNUToolchain/15.3.rel1/arm-none-eabi/bin/../lib/gcc/arm-none-eabi/15.3.1/../../../../arm-none-eabi/lib/thumb/v7e-m+fp/hard/libg_nano.a(libc_a-lock.o)
                              /Applications/ArmGNUToolchain/15.3.rel1/arm-none-eabi/bin/../lib/gcc/arm-none-eabi/15.3.1/../../../../arm-none-eabi/lib/thumb/v7e-m+fp/hard/libg_nano.a(libc_a-findfp.o) (__retarget_lock_init_recursive)
/Applications/ArmGNUToolchain/15.3.rel1/arm-none-eabi/bin/../lib/gcc/arm-none-eabi/15.3.1/../../../../arm-none-eabi/lib/thumb/v7e-m+fp/hard/libg_nano.a(libc_a-impure.o)
                              /Applications/ArmGNUToolchain/15.3.rel1/arm-none-eabi/bin/../lib/gcc/arm-none-eabi/15.3.1/../../../../arm-none-eabi/lib/thumb/v7e-m+fp/hard/libg_nano.a(libc_a-errno.o) (_impure_ptr)
/Applications/ArmGNUToolchain/15.3.rel1/arm-none-eabi/bin/../lib/gcc/arm-none-eabi/15.3.1/../../../../arm-none-eabi/lib/thumb/v7e-m+fp/hard/libg_nano.a(libc_a-mallocr.o)
                              /Applications/ArmGNUToolchain/15.3.rel1/arm-none-eabi/bin/../lib/gcc/arm-none-eabi/15.3.1/../../../../arm-none-eabi/lib/thumb/v7e-m+fp/hard/libg_nano.a(libc_a-findfp.o) (_malloc_r)
/Applications/ArmGNUToolchain/15.3.rel1/arm-none-eabi/bin/../lib/gcc/arm-none-eabi/15.3.1/../../../../arm-none-eabi/lib/thumb/v7e-m+fp/hard/libg_nano.a(libc_a-mlock.o)
                              /Applications/ArmGNUToolchain/15.3.rel1/arm-none-eabi/bin/../lib/gcc/arm-none-eabi/15.3.1/../../../../arm-none-eabi/lib/thumb/v7e-m+fp/hard/libg_nano.a(libc_a-mallocr.o) (__malloc_lock)
/Applications/ArmGNUToolchain/15.3.rel1/arm-none-eabi/bin/../lib/gcc/arm-none-eabi/15.3.1/../../../../arm-none-eabi/lib/thumb/v7e-m+fp/hard/libg_nano.a(libc_a-stdio.o)
                              /Applications/ArmGNUToolchain/15.3.rel1/arm-none-eabi/bin/../lib/gcc/arm-none-eabi/15.3.1/../../../../arm-none-eabi/lib/thumb/v7e-m+fp/hard/libg_nano.a(libc_a-findfp.o) (__sread)
/Applications/ArmGNUToolchain/15.3.rel1/arm-none-eabi/bin/../lib/gcc/arm-none-eabi/15.3.1/../../../../arm-none-eabi/lib/thumb/v7e-m+fp/hard/libg_nano.a(libc_a-fflush.o)
                              /Applications/ArmGNUToolchain/15.3.rel1/arm-none-eabi/bin/../lib/gcc/arm-none-eabi/15.3.1/../../../../arm-none-eabi/lib/thumb/v7e-m+fp/hard/libg_nano.a(libc_a-findfp.o) (_fflush_r)
/Applications/ArmGNUToolchain/15.3.rel1/arm-none-eabi/bin/../lib/gcc/arm-none-eabi/15.3.1/../../../../arm-none-eabi/lib/thumb/v7e-m+fp/hard/libg_nano.a(libc_a-lseekr.o)
                              /Applications/ArmGNUToolchain/15.3.rel1/arm-none-eabi/bin/../lib/gcc/arm-none-eabi/15.3.1/../../../../arm-none-eabi/lib/thumb/v7e-m+fp/hard/libg_nano.a(libc_a-stdio.o) (_lseek_r)
[...]
Memory Configuration

Name             Origin             Length             Attributes
RAM              0x20000000         0x00018000         xrw
RAM2             0x10000000         0x00008000         xrw
FLASH            0x08000000         0x00100000         xr
*default*        0x00000000         0xffffffff

Linker script and memory map

LOAD /Applications/ArmGNUToolchain/15.3.rel1/arm-none-eabi/bin/../lib/gcc/arm-none-eabi/15.3.1/thumb/v7e-m+fp/hard/crti.o
LOAD /Applications/ArmGNUToolchain/15.3.rel1/arm-none-eabi/bin/../lib/gcc/arm-none-eabi/15.3.1/thumb/v7e-m+fp/hard/crtbegin.o
LOAD /Applications/ArmGNUToolchain/15.3.rel1/arm-none-eabi/bin/../lib/gcc/arm-none-eabi/15.3.1/../../../../arm-none-eabi/lib/thumb/v7e-m+fp/hard/crt0.o
LOAD cmake/stm32cubemx/CMakeFiles/STM32_Drivers.dir/__/__/Core/Src/system_stm32l4xx.c.obj
LOAD cmake/stm32cubemx/CMakeFiles/STM32_Drivers.dir/__/__/Drivers/STM32L4xx_HAL_Driver/Src/stm32l4xx_hal.c.obj
LOAD cmake/stm32cubemx/CMakeFiles/STM32_Drivers.dir/__/__/Drivers/STM32L4xx_HAL_Driver/Src/stm32l4xx_hal_rcc.c.obj
LOAD cmake/stm32cubemx/CMakeFiles/STM32_Drivers.dir/__/__/Drivers/STM32L4xx_HAL_Driver/Src/stm32l4xx_hal_rcc_ex.c.obj
LOAD cmake/stm32cubemx/CMakeFiles/STM32_Drivers.dir/__/__/Drivers/STM32L4xx_HAL_Driver/Src/stm32l4xx_hal_flash.c.obj
LOAD cmake/stm32cubemx/CMakeFiles/STM32_Drivers.dir/__/__/Drivers/STM32L4xx_HAL_Driver/Src/stm32l4xx_hal_flash_ex.c.obj
LOAD cmake/stm32cubemx/CMakeFiles/STM32_Drivers.dir/__/__/Drivers/STM32L4xx_HAL_Driver/Src/stm32l4xx_hal_flash_ramfunc.c.obj
LOAD cmake/stm32cubemx/CMakeFiles/STM32_Drivers.dir/__/__/Drivers/STM32L4xx_HAL_Driver/Src/stm32l4xx_hal_gpio.c.obj
LOAD cmake/stm32cubemx/CMakeFiles/STM32_Drivers.dir/__/__/Drivers/STM32L4xx_HAL_Driver/Src/stm32l4xx_hal_i2c.c.obj
LOAD cmake/stm32cubemx/CMakeFiles/STM32_Drivers.dir/__/__/Drivers/STM32L4xx_HAL_Driver/Src/stm32l4xx_hal_i2c_ex.c.obj
LOAD cmake/stm32cubemx/CMakeFiles/STM32_Drivers.dir/__/__/Drivers/STM32L4xx_HAL_Driver/Src/stm32l4xx_hal_dma.c.obj
LOAD cmake/stm32cubemx/CMakeFiles/STM32_Drivers.dir/__/__/Drivers/STM32L4xx_HAL_Driver/Src/stm32l4xx_hal_dma_ex.c.obj
LOAD cmake/stm32cubemx/CMakeFiles/STM32_Drivers.dir/__/__/Drivers/STM32L4xx_HAL_Driver/Src/stm32l4xx_hal_pwr.c.obj
LOAD cmake/stm32cubemx/CMakeFiles/STM32_Drivers.dir/__/__/Drivers/STM32L4xx_HAL_Driver/Src/stm32l4xx_hal_pwr_ex.c.obj
LOAD cmake/stm32cubemx/CMakeFiles/STM32_Drivers.dir/__/__/Drivers/STM32L4xx_HAL_Driver/Src/stm32l4xx_hal_cortex.c.obj
LOAD cmake/stm32cubemx/CMakeFiles/STM32_Drivers.dir/__/__/Drivers/STM32L4xx_HAL_Driver/Src/stm32l4xx_hal_exti.c.obj
LOAD cmake/stm32cubemx/CMakeFiles/STM32_Drivers.dir/__/__/Drivers/BSP/STM32L4xx_Nucleo/stm32l4xx_nucleo.c.obj
LOAD CMakeFiles/A1_execution_timing.dir/Core/Src/main.c.obj
LOAD CMakeFiles/A1_execution_timing.dir/Core/Src/stm32l4xx_it.c.obj
LOAD CMakeFiles/A1_execution_timing.dir/Core/Src/stm32l4xx_hal_msp.c.obj
LOAD CMakeFiles/A1_execution_timing.dir/Core/Src/sysmem.c.obj
LOAD CMakeFiles/A1_execution_timing.dir/Core/Src/syscalls.c.obj
LOAD CMakeFiles/A1_execution_timing.dir/startup_stm32l476xx.s.obj
LOAD /Applications/ArmGNUToolchain/15.3.rel1/arm-none-eabi/bin/../lib/gcc/arm-none-eabi/15.3.1/../../../../arm-none-eabi/lib/thumb/v7e-m+fp/hard/libm.a
START GROUP
LOAD /Applications/ArmGNUToolchain/15.3.rel1/arm-none-eabi/bin/../lib/gcc/arm-none-eabi/15.3.1/thumb/v7e-m+fp/hard/libgcc.a
LOAD /Applications/ArmGNUToolchain/15.3.rel1/arm-none-eabi/bin/../lib/gcc/arm-none-eabi/15.3.1/../../../../arm-none-eabi/lib/thumb/v7e-m+fp/hard/libg_nano.a
LOAD /Applications/ArmGNUToolchain/15.3.rel1/arm-none-eabi/bin/../lib/gcc/arm-none-eabi/15.3.1/../../../../arm-none-eabi/lib/thumb/v7e-m+fp/hard/libc_nano.a
END GROUP
START GROUP
LOAD /Applications/ArmGNUToolchain/15.3.rel1/arm-none-eabi/bin/../lib/gcc/arm-none-eabi/15.3.1/thumb/v7e-m+fp/hard/libgcc.a
LOAD /Applications/ArmGNUToolchain/15.3.rel1/arm-none-eabi/bin/../lib/gcc/arm-none-eabi/15.3.1/../../../../arm-none-eabi/lib/thumb/v7e-m+fp/hard/libc_nano.a
END GROUP
LOAD /Applications/ArmGNUToolchain/15.3.rel1/arm-none-eabi/bin/../lib/gcc/arm-none-eabi/15.3.1/thumb/v7e-m+fp/hard/crtend.o
LOAD /Applications/ArmGNUToolchain/15.3.rel1/arm-none-eabi/bin/../lib/gcc/arm-none-eabi/15.3.1/thumb/v7e-m+fp/hard/crtn.o
                0x20018000                        _estack = (ORIGIN (RAM) + LENGTH (RAM))
                0x00000200                        _Min_Heap_Size = 0x200
                0x00000400                        _Min_Stack_Size = 0x400

.isr_vector     0x08000000      0x188
                0x08000000                        . = ALIGN (0x8)
 *(.isr_vector)
 .isr_vector    0x08000000      0x188 CMakeFiles/A1_execution_timing.dir/startup_stm32l476xx.s.obj
                0x08000000                g_pfnVectors
                0x08000188                        . = ALIGN (0x8)

.text           0x08000188      0x708
                0x08000188                        . = ALIGN (0x8)
 *(.text)
 *(.text*)
 .text.deregister_tm_clones
                0x08000188       0x1c /Applications/ArmGNUToolchain/15.3.rel1/arm-none-eabi/bin/../lib/gcc/arm-none-eabi/15.3.1/thumb/v7e-m+fp/hard/crtbegin.o
 .text.register_tm_clones
                0x080001a4       0x24 /Applications/ArmGNUToolchain/15.3.rel1/arm-none-eabi/bin/../lib/gcc/arm-none-eabi/15.3.1/thumb/v7e-m+fp/hard/crtbegin.o
 .text.__do_global_dtors_aux
                0x080001c8       0x28 /Applications/ArmGNUToolchain/15.3.rel1/arm-none-eabi/bin/../lib/gcc/arm-none-eabi/15.3.1/thumb/v7e-m+fp/hard/crtbegin.o
 .text.frame_dummy
                0x080001f0       0x24 /Applications/ArmGNUToolchain/15.3.rel1/arm-none-eabi/bin/../lib/gcc/arm-none-eabi/15.3.1/thumb/v7e-m+fp/hard/crtbegin.o
 .text.SystemInit
                0x08000214       0x20 cmake/stm32cubemx/CMakeFiles/STM32_Drivers.dir/__/__/Core/Src/system_stm32l4xx.c.obj
                0x08000214                SystemInit
 .text.HAL_Init
                0x08000234       0x40 cmake/stm32cubemx/CMakeFiles/STM32_Drivers.dir/__/__/Drivers/STM32L4xx_HAL_Driver/Src/stm32l4xx_hal.c.obj
                0x08000234                HAL_Init
 .text.HAL_InitTick
                0x08000274       0x78 cmake/stm32cubemx/CMakeFiles/STM32_Drivers.dir/__/__/Drivers/STM32L4xx_HAL_Driver/Src/stm32l4xx_hal.c.obj
                0x08000274                HAL_InitTick
 .text.HAL_IncTick
                0x080002ec       0x24 cmake/stm32cubemx/CMakeFiles/STM32_Drivers.dir/__/__/Drivers/STM32L4xx_HAL_Driver/Src/stm32l4xx_hal.c.obj
                0x080002ec                HAL_IncTick
 .text.HAL_GetTick
                0x08000310       0x14 cmake/stm32cubemx/CMakeFiles/STM32_Drivers.dir/__/__/Drivers/STM32L4xx_HAL_Driver/Src/stm32l4xx_hal.c.obj
                0x08000310                HAL_GetTick
 .text.HAL_Delay
                0x08000324       0x48 cmake/stm32cubemx/CMakeFiles/STM32_Drivers.dir/__/__/Drivers/STM32L4xx_HAL_Driver/Src/stm32l4xx_hal.c.obj
                0x08000324                HAL_Delay
 .text.HAL_GPIO_EXTI_IRQHandler
                0x0800036c       0x30 cmake/stm32cubemx/CMakeFiles/STM32_Drivers.dir/__/__/Drivers/STM32L4xx_HAL_Driver/Src/stm32l4xx_hal_gpio.c.obj
                0x0800036c                HAL_GPIO_EXTI_IRQHandler
 .text.HAL_GPIO_EXTI_Callback
                0x0800039c       0x14 cmake/stm32cubemx/CMakeFiles/STM32_Drivers.dir/__/__/Drivers/STM32L4xx_HAL_Driver/Src/stm32l4xx_hal_gpio.c.obj
                0x0800039c                HAL_GPIO_EXTI_Callback
 .text.__NVIC_SetPriorityGrouping
                0x080003b0       0x48 cmake/stm32cubemx/CMakeFiles/STM32_Drivers.dir/__/__/Drivers/STM32L4xx_HAL_Driver/Src/stm32l4xx_hal_cortex.c.obj
 .text.__NVIC_GetPriorityGrouping
                0x080003f8       0x1c cmake/stm32cubemx/CMakeFiles/STM32_Drivers.dir/__/__/Drivers/STM32L4xx_HAL_Driver/Src/stm32l4xx_hal_cortex.c.obj
 .text.__NVIC_SetPriority
                0x08000414       0x54 cmake/stm32cubemx/CMakeFiles/STM32_Drivers.dir/__/__/Drivers/STM32L4xx_HAL_Driver/Src/stm32l4xx_hal_cortex.c.obj
 .text.NVIC_EncodePriority
                0x08000468       0x6e cmake/stm32cubemx/CMakeFiles/STM32_Drivers.dir/__/__/Drivers/STM32L4xx_HAL_Driver/Src/stm32l4xx_hal_cortex.c.obj
 *fill*         0x080004d6        0x2 
 .text.SysTick_Config
                0x080004d8       0x44 cmake/stm32cubemx/CMakeFiles/STM32_Drivers.dir/__/__/Drivers/STM32L4xx_HAL_Driver/Src/stm32l4xx_hal_cortex.c.obj
 .text.HAL_NVIC_SetPriorityGrouping
                0x0800051c       0x16 cmake/stm32cubemx/CMakeFiles/STM32_Drivers.dir/__/__/Drivers/STM32L4xx_HAL_Driver/Src/stm32l4xx_hal_cortex.c.obj
                0x0800051c                HAL_NVIC_SetPriorityGrouping
 .text.HAL_NVIC_SetPriority
                0x08000532       0x38 cmake/stm32cubemx/CMakeFiles/STM32_Drivers.dir/__/__/Drivers/STM32L4xx_HAL_Driver/Src/stm32l4xx_hal_cortex.c.obj
                0x08000532                HAL_NVIC_SetPriority
 .text.HAL_SYSTICK_Config
                0x0800056a       0x18 cmake/stm32cubemx/CMakeFiles/STM32_Drivers.dir/__/__/Drivers/STM32L4xx_HAL_Driver/Src/stm32l4xx_hal_cortex.c.obj
                0x0800056a                HAL_SYSTICK_Config
 *fill*         0x08000582        0x2 
 .text.gpio_init
                0x08000584       0xa4 CMakeFiles/A1_execution_timing.dir/Core/Src/main.c.obj
                0x08000584                gpio_init
 .text.PCA_is_high
                0x08000628       0x1c CMakeFiles/A1_execution_timing.dir/Core/Src/main.c.obj
                0x08000628                PCA_is_high
 .text.button_delay
                0x08000644        0xe CMakeFiles/A1_execution_timing.dir/Core/Src/main.c.obj
                0x08000644                button_delay
 .text.button_is_pressed
                0x08000652       0x26 CMakeFiles/A1_execution_timing.dir/Core/Src/main.c.obj
                0x08000652                button_is_pressed
 .text.LED_turn_off
                0x08000678       0x34 CMakeFiles/A1_execution_timing.dir/Core/Src/main.c.obj
                0x08000678                LED_turn_off
 .text.count_display
                0x080006ac       0x30 CMakeFiles/A1_execution_timing.dir/Core/Src/main.c.obj
                0x080006ac                count_display
 .text.main     0x080006dc       0x4e CMakeFiles/A1_execution_timing.dir/Core/Src/main.c.obj
                0x080006dc                main
 .text.NMI_Handler
                0x0800072a        0x8 CMakeFiles/A1_execution_timing.dir/Core/Src/stm32l4xx_it.c.obj
                0x0800072a                NMI_Handler
 .text.HardFault_Handler
                0x08000732        0x8 CMakeFiles/A1_execution_timing.dir/Core/Src/stm32l4xx_it.c.obj
                0x08000732                HardFault_Handler
 .text.MemManage_Handler
                0x0800073a        0x8 CMakeFiles/A1_execution_timing.dir/Core/Src/stm32l4xx_it.c.obj
                0x0800073a                MemManage_Handler
 .text.BusFault_Handler
                0x08000742        0x8 CMakeFiles/A1_execution_timing.dir/Core/Src/stm32l4xx_it.c.obj
                0x08000742                BusFault_Handler
 .text.UsageFault_Handler
                0x0800074a        0x8 CMakeFiles/A1_execution_timing.dir/Core/Src/stm32l4xx_it.c.obj
                0x0800074a                UsageFault_Handler
 .text.SVC_Handler
                0x08000752        0xc CMakeFiles/A1_execution_timing.dir/Core/Src/stm32l4xx_it.c.obj
                0x08000752                SVC_Handler
 .text.DebugMon_Handler
                0x0800075e        0xc CMakeFiles/A1_execution_timing.dir/Core/Src/stm32l4xx_it.c.obj
                0x0800075e                DebugMon_Handler
 .text.PendSV_Handler
                0x0800076a        0xc CMakeFiles/A1_execution_timing.dir/Core/Src/stm32l4xx_it.c.obj
                0x0800076a                PendSV_Handler
 .text.SysTick_Handler
                0x08000776        0xc CMakeFiles/A1_execution_timing.dir/Core/Src/stm32l4xx_it.c.obj
                0x08000776                SysTick_Handler
 .text.EXTI15_10_IRQHandler
                0x08000782       0x10 CMakeFiles/A1_execution_timing.dir/Core/Src/stm32l4xx_it.c.obj
                0x08000782                EXTI15_10_IRQHandler
 *fill*         0x08000792        0x2 
 .text.HAL_MspInit
                0x08000794       0x44 CMakeFiles/A1_execution_timing.dir/Core/Src/stm32l4xx_hal_msp.c.obj
                0x08000794                HAL_MspInit
 .text.Reset_Handler
                0x080007d8       0x50 CMakeFiles/A1_execution_timing.dir/startup_stm32l476xx.s.obj
                0x080007d8                Reset_Handler
 .text.Default_Handler
                0x08000828        0x2 CMakeFiles/A1_execution_timing.dir/startup_stm32l476xx.s.obj
                0x08000828                TIM1_BRK_TIM15_IRQHandler
                0x08000828                EXTI2_IRQHandler
                0x08000828                TIM8_TRG_COM_IRQHandler
                0x08000828                TIM8_CC_IRQHandler
                0x08000828                TIM1_CC_IRQHandler
                0x08000828                TSC_IRQHandler
                0x08000828                TAMP_STAMP_IRQHandler
                0x08000828                EXTI3_IRQHandler
                0x08000828                LPTIM2_IRQHandler
                0x08000828                DFSDM1_FLT1_IRQHandler
                0x08000828                I2C3_ER_IRQHandler
                0x08000828                DFSDM1_FLT2_IRQHandler
                0x08000828                EXTI0_IRQHandler
                0x08000828                I2C2_EV_IRQHandler
                0x08000828                CAN1_RX0_IRQHandler
                0x08000828                FPU_IRQHandler
                0x08000828                TIM1_UP_TIM16_IRQHandler
                0x08000828                ADC1_2_IRQHandler
                0x08000828                SPI1_IRQHandler
                0x08000828                TIM6_DAC_IRQHandler
                0x08000828                TIM8_UP_IRQHandler
                0x08000828                DMA2_Channel2_IRQHandler
                0x08000828                DMA1_Channel4_IRQHandler
                0x08000828                SAI2_IRQHandler
                0x08000828                DFSDM1_FLT3_IRQHandler
                0x08000828                USART3_IRQHandler
                0x08000828                DMA1_Channel7_IRQHandler
                0x08000828                CAN1_RX1_IRQHandler
                0x08000828                LCD_IRQHandler
                0x08000828                UART5_IRQHandler
                0x08000828                ADC3_IRQHandler
                0x08000828                TIM4_IRQHandler
                0x08000828                DMA2_Channel1_IRQHandler
                0x08000828                QUADSPI_IRQHandler
                0x08000828                I2C1_EV_IRQHandler
                0x08000828                DMA1_Channel6_IRQHandler
                0x08000828                UART4_IRQHandler
                0x08000828                DMA2_Channel4_IRQHandler
                0x08000828                TIM3_IRQHandler
                0x08000828                RCC_IRQHandler
                0x08000828                DMA1_Channel1_IRQHandler
                0x08000828                Default_Handler
                0x08000828                DMA2_Channel7_IRQHandler
                0x08000828                TIM7_IRQHandler
                0x08000828                SDMMC1_IRQHandler
                0x08000828                TIM5_IRQHandler
                0x08000828                I2C3_EV_IRQHandler
                0x08000828                EXTI9_5_IRQHandler
                0x08000828                RTC_WKUP_IRQHandler
                0x08000828                PVD_PVM_IRQHandler
                0x08000828                SPI2_IRQHandler
                0x08000828                CAN1_TX_IRQHandler
                0x08000828                DMA2_Channel5_IRQHandler
                0x08000828                DMA1_Channel5_IRQHandler
                0x08000828                EXTI4_IRQHandler
                0x08000828                RNG_IRQHandler
                0x08000828                TIM1_TRG_COM_TIM17_IRQHandler
                0x08000828                DMA1_Channel3_IRQHandler
                0x08000828                COMP_IRQHandler
                0x08000828                WWDG_IRQHandler
                0x08000828                LPUART1_IRQHandler
                0x08000828                DMA2_Channel6_IRQHandler
                0x08000828                TIM2_IRQHandler
                0x08000828                EXTI1_IRQHandler
                0x08000828                USART2_IRQHandler
                0x08000828                DFSDM1_FLT0_IRQHandler
                0x08000828                I2C2_ER_IRQHandler
                0x08000828                DMA1_Channel2_IRQHandler
                0x08000828                TIM8_BRK_IRQHandler
                0x08000828                CAN1_SCE_IRQHandler
                0x08000828                FLASH_IRQHandler
                0x08000828                USART1_IRQHandler
                0x08000828                OTG_FS_IRQHandler
                0x08000828                SPI3_IRQHandler
                0x08000828                I2C1_ER_IRQHandler
                0x08000828                FMC_IRQHandler
                0x08000828                SWPMI1_IRQHandler
                0x08000828                LPTIM1_IRQHandler
                0x08000828                SAI1_IRQHandler
                0x08000828                DMA2_Channel3_IRQHandler
                0x08000828                RTC_Alarm_IRQHandler
 *fill*         0x0800082a        0x2 
 .text.__libc_init_array
                0x0800082c       0x48 /Applications/ArmGNUToolchain/15.3.rel1/arm-none-eabi/bin/../lib/gcc/arm-none-eabi/15.3.1/../../../../arm-none-eabi/lib/thumb/v7e-m+fp/hard/libg_nano.a(libc_a-init.o)
                0x0800082c                __libc_init_array
 *(.glue_7)
 .glue_7        0x08000874        0x0 linker stubs
 *(.glue_7t)
 .glue_7t       0x08000874        0x0 linker stubs
 *(.eh_frame)
 .eh_frame      0x08000874        0x0 /Applications/ArmGNUToolchain/15.3.rel1/arm-none-eabi/bin/../lib/gcc/arm-none-eabi/15.3.1/thumb/v7e-m+fp/hard/crtbegin.o
 *(.init)
 .init          0x08000874        0x4 /Applications/ArmGNUToolchain/15.3.rel1/arm-none-eabi/bin/../lib/gcc/arm-none-eabi/15.3.1/thumb/v7e-m+fp/hard/crti.o
                0x08000874                _init
 .init          0x08000878        0x8 /Applications/ArmGNUToolchain/15.3.rel1/arm-none-eabi/bin/../lib/gcc/arm-none-eabi/15.3.1/thumb/v7e-m+fp/hard/crtn.o
 *(.fini)
 .fini          0x08000880        0x4 /Applications/ArmGNUToolchain/15.3.rel1/arm-none-eabi/bin/../lib/gcc/arm-none-eabi/15.3.1/thumb/v7e-m+fp/hard/crti.o
                0x08000880                _fini
 .fini          0x08000884        0x8 /Applications/ArmGNUToolchain/15.3.rel1/arm-none-eabi/bin/../lib/gcc/arm-none-eabi/15.3.1/thumb/v7e-m+fp/hard/crtn.o
                0x08000890                        . = ALIGN (0x8)
 *fill*         0x0800088c        0x4 
                0x08000890                        _etext = .

.vfp11_veneer   0x08000890        0x0
 .vfp11_veneer  0x08000890        0x0 linker stubs

.v4_bx          0x08000890        0x0
 .v4_bx         0x08000890        0x0 linker stubs

.iplt           0x08000890        0x0
 .iplt          0x08000890        0x0 /Applications/ArmGNUToolchain/15.3.rel1/arm-none-eabi/bin/../lib/gcc/arm-none-eabi/15.3.1/thumb/v7e-m+fp/hard/crtbegin.o

.rodata         0x08000890        0x0
                0x08000890                        . = ALIGN (0x8)
 *(.rodata)
 *(.rodata*)
                0x08000890                        . = ALIGN (0x8)

.ARM.extab      0x08000890        0x0
                0x08000890                        . = ALIGN (0x8)
 *(.ARM.extab* .gnu.linkonce.armextab.*)
                0x08000890                        . = ALIGN (0x8)

.ARM            0x08000890        0x0
                0x08000890                        . = ALIGN (0x8)
                0x08000890                        __exidx_start = .
 *(.ARM.exidx*)
                0x08000890                        __exidx_end = .
                0x08000890                        . = ALIGN (0x8)

.preinit_array  0x08000890        0x0
                0x08000890                        . = ALIGN (0x8)
                0x08000890                        PROVIDE (__preinit_array_start = .)
 *(.preinit_array*)
                0x08000890                        PROVIDE (__preinit_array_end = .)
                0x08000890                        . = ALIGN (0x8)

.init_array     0x08000890        0x8
                0x08000890                        . = ALIGN (0x8)
                0x08000890                        PROVIDE (__init_array_start = .)
 *(SORT_BY_NAME(.init_array.*))
 *(.init_array*)
 .init_array    0x08000890        0x4 /Applications/ArmGNUToolchain/15.3.rel1/arm-none-eabi/bin/../lib/gcc/arm-none-eabi/15.3.1/thumb/v7e-m+fp/hard/crtbegin.o
                0x08000894                        PROVIDE (__init_array_end = .)
                0x08000898                        . = ALIGN (0x8)
 *fill*         0x08000894        0x4 

.fini_array     0x08000898        0x8
                0x08000898                        . = ALIGN (0x8)
                [!provide]                        PROVIDE (__fini_array_start = .)
 *(SORT_BY_NAME(.fini_array.*))
 *(.fini_array*)
 .fini_array    0x08000898        0x4 /Applications/ArmGNUToolchain/15.3.rel1/arm-none-eabi/bin/../lib/gcc/arm-none-eabi/15.3.1/thumb/v7e-m+fp/hard/crtbegin.o
                [!provide]                        PROVIDE (__fini_array_end = .)
                0x080008a0                        . = ALIGN (0x8)
 *fill*         0x0800089c        0x4 
                0x080008a0                        _sidata = LOADADDR (.data)

.rel.dyn        0x080008a0        0x0
 .rel.iplt      0x080008a0        0x0 /Applications/ArmGNUToolchain/15.3.rel1/arm-none-eabi/bin/../lib/gcc/arm-none-eabi/15.3.1/thumb/v7e-m+fp/hard/crtbegin.o

.data           0x20000000       0x10 load address 0x080008a0
                0x20000000                        . = ALIGN (0x8)
                0x20000000                        _sdata = .
 *(.data)
 *(.data*)
 .data.SystemCoreClock
                0x20000000        0x4 cmake/stm32cubemx/CMakeFiles/STM32_Drivers.dir/__/__/Core/Src/system_stm32l4xx.c.obj
                0x20000000                SystemCoreClock
 .data.uwTickPrio
                0x20000004        0x4 cmake/stm32cubemx/CMakeFiles/STM32_Drivers.dir/__/__/Drivers/STM32L4xx_HAL_Driver/Src/stm32l4xx_hal.c.obj
                0x20000004                uwTickPrio
 .data.uwTickFreq
                0x20000008        0x1 cmake/stm32cubemx/CMakeFiles/STM32_Drivers.dir/__/__/Drivers/STM32L4xx_HAL_Driver/Src/stm32l4xx_hal.c.obj
                0x20000008                uwTickFreq
 *(.RamFunc)
 *(.RamFunc*)
                0x20000010                        . = ALIGN (0x8)
 *fill*         0x20000009        0x7 

.tm_clone_table
                0x20000010        0x0 load address 0x080008b0
 .tm_clone_table
                0x20000010        0x0 /Applications/ArmGNUToolchain/15.3.rel1/arm-none-eabi/bin/../lib/gcc/arm-none-eabi/15.3.1/thumb/v7e-m+fp/hard/crtbegin.o
 .tm_clone_table
                0x20000010        0x0 /Applications/ArmGNUToolchain/15.3.rel1/arm-none-eabi/bin/../lib/gcc/arm-none-eabi/15.3.1/thumb/v7e-m+fp/hard/crtend.o

.igot.plt       0x20000010        0x0 load address 0x080008b0
 .igot.plt      0x20000010        0x0 /Applications/ArmGNUToolchain/15.3.rel1/arm-none-eabi/bin/../lib/gcc/arm-none-eabi/15.3.1/thumb/v7e-m+fp/hard/crtbegin.o

.tdata          0x20000010        0x0 load address 0x080008b0
 *(.tdata .tdata.* .gnu.linkonce.td.*)
                0x20000010                        . = ALIGN (0x4)
                0x20000010                        _edata = .
                [!provide]                        PROVIDE (__data_end = .)
                [!provide]                        PROVIDE (__tdata_end = .)
                [!provide]                        PROVIDE (__tdata_start = ADDR (.tdata))
                [!provide]                        PROVIDE (__tdata_size = (__tdata_end - __tdata_start))
                [!provide]                        PROVIDE (__data_start = ADDR (.data))
                [!provide]                        PROVIDE (__data_size = (__data_end - __data_start))
                [!provide]                        PROVIDE (__tdata_source = LOADADDR (.tdata))
                [!provide]                        PROVIDE (__tdata_source_end = (LOADADDR (.tdata) + SIZEOF (.tdata)))
                [!provide]                        PROVIDE (__tdata_source_size = (__tdata_source_end - __tdata_source))
                [!provide]                        PROVIDE (__data_source = LOADADDR (.data))
                [!provide]                        PROVIDE (__data_source_end = __tdata_source_end)
                [!provide]                        PROVIDE (__data_source_size = (__data_source_end - __data_source))

.tbss           0x20000010        0x0 load address 0x080008b0
                0x20000010                        _sbss = .
                0x20000010                        __bss_start__ = _sbss
 *(.tbss .tbss.*)
                0x20000010                        . = ALIGN (0x4)
                [!provide]                        PROVIDE (__tbss_end = .)
                [!provide]                        PROVIDE (__tbss_start = ADDR (.tbss))
                [!provide]                        PROVIDE (__tbss_size = (__tbss_end - __tbss_start))
                [!provide]                        PROVIDE (__tbss_offset = (ADDR (.tbss) - ADDR (.tdata)))
                [!provide]                        PROVIDE (__tls_base = __tdata_start)
                [!provide]                        PROVIDE (__tls_end = __tbss_end)
                [!provide]                        PROVIDE (__tls_size = (__tls_end - __tls_base))
                [!provide]                        PROVIDE (__tls_align = MAX (ALIGNOF (.tdata), ALIGNOF (.tbss)))
                [!provide]                        PROVIDE (__tls_size_align = (((__tls_size + __tls_align) - 0x1) & ~ ((__tls_align - 0x1))))
                [!provide]                        PROVIDE (__arm32_tls_tcb_offset = MAX (0x8, __tls_align))
                [!provide]                        PROVIDE (__arm64_tls_tcb_offset = MAX (0x10, __tls_align))

.bss            0x20000010       0x20 load address 0x080008b0
 *(.bss)
 *(.bss*)
 .bss.completed.1
                0x20000010        0x1 /Applications/ArmGNUToolchain/15.3.rel1/arm-none-eabi/bin/../lib/gcc/arm-none-eabi/15.3.1/thumb/v7e-m+fp/hard/crtbegin.o
 *fill*         0x20000011        0x3 
 .bss.object.0  0x20000014       0x18 /Applications/ArmGNUToolchain/15.3.rel1/arm-none-eabi/bin/../lib/gcc/arm-none-eabi/15.3.1/thumb/v7e-m+fp/hard/crtbegin.o
 .bss.uwTick    0x2000002c        0x4 cmake/stm32cubemx/CMakeFiles/STM32_Drivers.dir/__/__/Drivers/STM32L4xx_HAL_Driver/Src/stm32l4xx_hal.c.obj
                0x2000002c                uwTick
 *(COMMON)
                0x20000030                        . = ALIGN (0x4)
                0x20000030                        _ebss = .
                0x20000030                        __bss_end__ = _ebss
                [!provide]                        PROVIDE (__bss_end = .)
                [!provide]                        PROVIDE (__non_tls_bss_start = ADDR (.bss))
                [!provide]                        PROVIDE (__bss_start = __tbss_start)
                [!provide]                        PROVIDE (__bss_size = (__bss_end - __bss_start))

._user_heap_stack
                0x20000030      0x600 load address 0x080008b0
                0x20000030                        . = ALIGN (0x8)
                [!provide]                        PROVIDE (end = .)
                0x20000030                        PROVIDE (_end = .)
                0x20000230                        . = (. + _Min_Heap_Size)
 *fill*         0x20000030      0x200 
                0x20000630                        . = (. + _Min_Stack_Size)
 *fill*         0x20000230      0x400 
                0x20000630                        . = ALIGN (0x8)

/DISCARD/
 libc.a:*(*)
 libm.a:*(*)
 libgcc.a:*(*)
OUTPUT(A1_execution_timing.elf elf32-littlearm)
LOAD linker stubs

.ARM.attributes
                0x00000000       0x30
 .ARM.attributes
                0x00000000       0x22 /Applications/ArmGNUToolchain/15.3.rel1/arm-none-eabi/bin/../lib/gcc/arm-none-eabi/15.3.1/thumb/v7e-m+fp/hard/crti.o
 .ARM.attributes
                0x00000022       0x34 /Applications/ArmGNUToolchain/15.3.rel1/arm-none-eabi/bin/../lib/gcc/arm-none-eabi/15.3.1/thumb/v7e-m+fp/hard/crtbegin.o
 .ARM.attributes
                0x00000056       0x34 cmake/stm32cubemx/CMakeFiles/STM32_Drivers.dir/__/__/Core/Src/system_stm32l4xx.c.obj
 .ARM.attributes
                0x0000008a       0x34 cmake/stm32cubemx/CMakeFiles/STM32_Drivers.dir/__/__/Drivers/STM32L4xx_HAL_Driver/Src/stm32l4xx_hal.c.obj
 .ARM.attributes
                0x000000be       0x34 cmake/stm32cubemx/CMakeFiles/STM32_Drivers.dir/__/__/Drivers/STM32L4xx_HAL_Driver/Src/stm32l4xx_hal_gpio.c.obj
 .ARM.attributes
                0x000000f2       0x34 cmake/stm32cubemx/CMakeFiles/STM32_Drivers.dir/__/__/Drivers/STM32L4xx_HAL_Driver/Src/stm32l4xx_hal_cortex.c.obj
 .ARM.attributes
                0x00000126       0x34 CMakeFiles/A1_execution_timing.dir/Core/Src/main.c.obj
 .ARM.attributes
                0x0000015a       0x34 CMakeFiles/A1_execution_timing.dir/Core/Src/stm32l4xx_it.c.obj
 .ARM.attributes
                0x0000018e       0x34 CMakeFiles/A1_execution_timing.dir/Core/Src/stm32l4xx_hal_msp.c.obj
 .ARM.attributes
                0x000001c2       0x21 CMakeFiles/A1_execution_timing.dir/startup_stm32l476xx.s.obj
 .ARM.attributes
                0x000001e3       0x34 /Applications/ArmGNUToolchain/15.3.rel1/arm-none-eabi/bin/../lib/gcc/arm-none-eabi/15.3.1/../../../../arm-none-eabi/lib/thumb/v7e-m+fp/hard/libg_nano.a(libc_a-init.o)
 .ARM.attributes
                0x00000217       0x34 /Applications/ArmGNUToolchain/15.3.rel1/arm-none-eabi/bin/../lib/gcc/arm-none-eabi/15.3.1/thumb/v7e-m+fp/hard/crtend.o
 .ARM.attributes
                0x0000024b       0x22 /Applications/ArmGNUToolchain/15.3.rel1/arm-none-eabi/bin/../lib/gcc/arm-none-eabi/15.3.1/thumb/v7e-m+fp/hard/crtn.o

.comment        0x00000000       0x46
 .comment       0x00000000       0x46 cmake/stm32cubemx/CMakeFiles/STM32_Drivers.dir/__/__/Core/Src/system_stm32l4xx.c.obj
                                 0x47 (size before relaxing)
 .comment       0x00000046        0x0 cmake/stm32cubemx/CMakeFiles/STM32_Drivers.dir/__/__/Drivers/STM32L4xx_HAL_Driver/Src/stm32l4xx_hal.c.obj
                                 0x47 (size before relaxing)
 .comment       0x00000046        0x0 cmake/stm32cubemx/CMakeFiles/STM32_Drivers.dir/__/__/Drivers/STM32L4xx_HAL_Driver/Src/stm32l4xx_hal_gpio.c.obj
                                 0x47 (size before relaxing)
 .comment       0x00000046        0x0 cmake/stm32cubemx/CMakeFiles/STM32_Drivers.dir/__/__/Drivers/STM32L4xx_HAL_Driver/Src/stm32l4xx_hal_cortex.c.obj
                                 0x47 (size before relaxing)
 .comment       0x00000046        0x0 CMakeFiles/A1_execution_timing.dir/Core/Src/main.c.obj
                                 0x47 (size before relaxing)
 .comment       0x00000046        0x0 CMakeFiles/A1_execution_timing.dir/Core/Src/stm32l4xx_it.c.obj
                                 0x47 (size before relaxing)
 .comment       0x00000046        0x0 CMakeFiles/A1_execution_timing.dir/Core/Src/stm32l4xx_hal_msp.c.obj
                                 0x47 (size before relaxing)

.debug_info     0x00000000     0x30c4
 .debug_info    0x00000000      0x5e2 cmake/stm32cubemx/CMakeFiles/STM32_Drivers.dir/__/__/Core/Src/system_stm32l4xx.c.obj
 .debug_info    0x000005e2      0xc4d cmake/stm32cubemx/CMakeFiles/STM32_Drivers.dir/__/__/Drivers/STM32L4xx_HAL_Driver/Src/stm32l4xx_hal.c.obj
 .debug_info    0x0000122f      0x79f cmake/stm32cubemx/CMakeFiles/STM32_Drivers.dir/__/__/Drivers/STM32L4xx_HAL_Driver/Src/stm32l4xx_hal_gpio.c.obj
 .debug_info    0x000019ce      0xdad cmake/stm32cubemx/CMakeFiles/STM32_Drivers.dir/__/__/Drivers/STM32L4xx_HAL_Driver/Src/stm32l4xx_hal_cortex.c.obj
 .debug_info    0x0000277b      0x488 CMakeFiles/A1_execution_timing.dir/Core/Src/main.c.obj
 .debug_info    0x00002c03      0x190 CMakeFiles/A1_execution_timing.dir/Core/Src/stm32l4xx_it.c.obj
 .debug_info    0x00002d93      0x301 CMakeFiles/A1_execution_timing.dir/Core/Src/stm32l4xx_hal_msp.c.obj
 .debug_info    0x00003094       0x30 CMakeFiles/A1_execution_timing.dir/startup_stm32l476xx.s.obj

.debug_abbrev   0x00000000      0xbbe
 .debug_abbrev  0x00000000      0x117 cmake/stm32cubemx/CMakeFiles/STM32_Drivers.dir/__/__/Core/Src/system_stm32l4xx.c.obj
 .debug_abbrev  0x00000117      0x243 cmake/stm32cubemx/CMakeFiles/STM32_Drivers.dir/__/__/Drivers/STM32L4xx_HAL_Driver/Src/stm32l4xx_hal.c.obj
 .debug_abbrev  0x0000035a      0x1d1 cmake/stm32cubemx/CMakeFiles/STM32_Drivers.dir/__/__/Drivers/STM32L4xx_HAL_Driver/Src/stm32l4xx_hal_gpio.c.obj
 .debug_abbrev  0x0000052b      0x31c cmake/stm32cubemx/CMakeFiles/STM32_Drivers.dir/__/__/Drivers/STM32L4xx_HAL_Driver/Src/stm32l4xx_hal_cortex.c.obj
 .debug_abbrev  0x00000847      0x1ac CMakeFiles/A1_execution_timing.dir/Core/Src/main.c.obj
 .debug_abbrev  0x000009f3       0xca CMakeFiles/A1_execution_timing.dir/Core/Src/stm32l4xx_it.c.obj
 .debug_abbrev  0x00000abd       0xdd CMakeFiles/A1_execution_timing.dir/Core/Src/stm32l4xx_hal_msp.c.obj
 .debug_abbrev  0x00000b9a       0x24 CMakeFiles/A1_execution_timing.dir/startup_stm32l476xx.s.obj

.debug_aranges  0x00000000      0x3e0
 .debug_aranges
                0x00000000       0x28 cmake/stm32cubemx/CMakeFiles/STM32_Drivers.dir/__/__/Core/Src/system_stm32l4xx.c.obj
 .debug_aranges
                0x00000028      0x130 cmake/stm32cubemx/CMakeFiles/STM32_Drivers.dir/__/__/Drivers/STM32L4xx_HAL_Driver/Src/stm32l4xx_hal.c.obj
 .debug_aranges
                0x00000158       0x58 cmake/stm32cubemx/CMakeFiles/STM32_Drivers.dir/__/__/Drivers/STM32L4xx_HAL_Driver/Src/stm32l4xx_hal_gpio.c.obj
 .debug_aranges
                0x000001b0      0x128 cmake/stm32cubemx/CMakeFiles/STM32_Drivers.dir/__/__/Drivers/STM32L4xx_HAL_Driver/Src/stm32l4xx_hal_cortex.c.obj
 .debug_aranges
                0x000002d8       0x58 CMakeFiles/A1_execution_timing.dir/Core/Src/main.c.obj
 .debug_aranges
                0x00000330       0x68 CMakeFiles/A1_execution_timing.dir/Core/Src/stm32l4xx_it.c.obj
 .debug_aranges
                0x00000398       0x20 CMakeFiles/A1_execution_timing.dir/Core/Src/stm32l4xx_hal_msp.c.obj
 .debug_aranges
                0x000003b8       0x28 CMakeFiles/A1_execution_timing.dir/startup_stm32l476xx.s.obj

.debug_rnglists
                0x00000000      0x2c4
 .debug_rnglists
                0x00000000       0x1a cmake/stm32cubemx/CMakeFiles/STM32_Drivers.dir/__/__/Core/Src/system_stm32l4xx.c.obj
 .debug_rnglists
                0x0000001a       0xdf cmake/stm32cubemx/CMakeFiles/STM32_Drivers.dir/__/__/Drivers/STM32L4xx_HAL_Driver/Src/stm32l4xx_hal.c.obj
 .debug_rnglists
                0x000000f9       0x3f cmake/stm32cubemx/CMakeFiles/STM32_Drivers.dir/__/__/Drivers/STM32L4xx_HAL_Driver/Src/stm32l4xx_hal_gpio.c.obj
 .debug_rnglists
                0x00000138       0xd9 cmake/stm32cubemx/CMakeFiles/STM32_Drivers.dir/__/__/Drivers/STM32L4xx_HAL_Driver/Src/stm32l4xx_hal_cortex.c.obj
 .debug_rnglists
                0x00000211       0x3e CMakeFiles/A1_execution_timing.dir/Core/Src/main.c.obj
 .debug_rnglists
                0x0000024f       0x49 CMakeFiles/A1_execution_timing.dir/Core/Src/stm32l4xx_it.c.obj
 .debug_rnglists
                0x00000298       0x13 CMakeFiles/A1_execution_timing.dir/Core/Src/stm32l4xx_hal_msp.c.obj
 .debug_rnglists
                0x000002ab       0x19 CMakeFiles/A1_execution_timing.dir/startup_stm32l476xx.s.obj

.debug_macro    0x00000000    0x243d8
 .debug_macro   0x00000000      0x1a7 cmake/stm32cubemx/CMakeFiles/STM32_Drivers.dir/__/__/Core/Src/system_stm32l4xx.c.obj
 .debug_macro   0x000001a7      0xaf0 cmake/stm32cubemx/CMakeFiles/STM32_Drivers.dir/__/__/Core/Src/system_stm32l4xx.c.obj
 .debug_macro   0x00000c97       0x2e cmake/stm32cubemx/CMakeFiles/STM32_Drivers.dir/__/__/Core/Src/system_stm32l4xx.c.obj
 .debug_macro   0x00000cc5       0x28 cmake/stm32cubemx/CMakeFiles/STM32_Drivers.dir/__/__/Core/Src/system_stm32l4xx.c.obj
 .debug_macro   0x00000ced       0x22 cmake/stm32cubemx/CMakeFiles/STM32_Drivers.dir/__/__/Core/Src/system_stm32l4xx.c.obj
 .debug_macro   0x00000d0f       0x8e cmake/stm32cubemx/CMakeFiles/STM32_Drivers.dir/__/__/Core/Src/system_stm32l4xx.c.obj
 .debug_macro   0x00000d9d       0x6d cmake/stm32cubemx/CMakeFiles/STM32_Drivers.dir/__/__/Core/Src/system_stm32l4xx.c.obj
 .debug_macro   0x00000e0a      0x103 cmake/stm32cubemx/CMakeFiles/STM32_Drivers.dir/__/__/Core/Src/system_stm32l4xx.c.obj
 .debug_macro   0x00000f0d       0x6a cmake/stm32cubemx/CMakeFiles/STM32_Drivers.dir/__/__/Core/Src/system_stm32l4xx.c.obj
 .debug_macro   0x00000f77      0x1d0 cmake/stm32cubemx/CMakeFiles/STM32_Drivers.dir/__/__/Core/Src/system_stm32l4xx.c.obj
 .debug_macro   0x00001147       0x1c cmake/stm32cubemx/CMakeFiles/STM32_Drivers.dir/__/__/Core/Src/system_stm32l4xx.c.obj
 .debug_macro   0x00001163       0x22 cmake/stm32cubemx/CMakeFiles/STM32_Drivers.dir/__/__/Core/Src/system_stm32l4xx.c.obj
 .debug_macro   0x00001185       0xfb cmake/stm32cubemx/CMakeFiles/STM32_Drivers.dir/__/__/Core/Src/system_stm32l4xx.c.obj
 .debug_macro   0x00001280     0x1011 cmake/stm32cubemx/CMakeFiles/STM32_Drivers.dir/__/__/Core/Src/system_stm32l4xx.c.obj
 .debug_macro   0x00002291      0x11f cmake/stm32cubemx/CMakeFiles/STM32_Drivers.dir/__/__/Core/Src/system_stm32l4xx.c.obj
 .debug_macro   0x000023b0    0x1a192 cmake/stm32cubemx/CMakeFiles/STM32_Drivers.dir/__/__/Core/Src/system_stm32l4xx.c.obj
 .debug_macro   0x0001c542       0x6d cmake/stm32cubemx/CMakeFiles/STM32_Drivers.dir/__/__/Core/Src/system_stm32l4xx.c.obj
 .debug_macro   0x0001c5af      0x19b cmake/stm32cubemx/CMakeFiles/STM32_Drivers.dir/__/__/Core/Src/system_stm32l4xx.c.obj
 .debug_macro   0x0001c74a     0x38fb cmake/stm32cubemx/CMakeFiles/STM32_Drivers.dir/__/__/Core/Src/system_stm32l4xx.c.obj
 .debug_macro   0x00020045      0x190 cmake/stm32cubemx/CMakeFiles/STM32_Drivers.dir/__/__/Core/Src/system_stm32l4xx.c.obj
 .debug_macro   0x000201d5       0x5c cmake/stm32cubemx/CMakeFiles/STM32_Drivers.dir/__/__/Core/Src/system_stm32l4xx.c.obj
 .debug_macro   0x00020231     0x159e cmake/stm32cubemx/CMakeFiles/STM32_Drivers.dir/__/__/Core/Src/system_stm32l4xx.c.obj
 .debug_macro   0x000217cf      0x5a5 cmake/stm32cubemx/CMakeFiles/STM32_Drivers.dir/__/__/Core/Src/system_stm32l4xx.c.obj
 .debug_macro   0x00021d74      0x1b9 cmake/stm32cubemx/CMakeFiles/STM32_Drivers.dir/__/__/Core/Src/system_stm32l4xx.c.obj
 .debug_macro   0x00021f2d      0x18b cmake/stm32cubemx/CMakeFiles/STM32_Drivers.dir/__/__/Core/Src/system_stm32l4xx.c.obj
 .debug_macro   0x000220b8      0x2c4 cmake/stm32cubemx/CMakeFiles/STM32_Drivers.dir/__/__/Core/Src/system_stm32l4xx.c.obj
 .debug_macro   0x0002237c      0x27a cmake/stm32cubemx/CMakeFiles/STM32_Drivers.dir/__/__/Core/Src/system_stm32l4xx.c.obj
 .debug_macro   0x000225f6      0x23d cmake/stm32cubemx/CMakeFiles/STM32_Drivers.dir/__/__/Core/Src/system_stm32l4xx.c.obj
 .debug_macro   0x00022833      0x241 cmake/stm32cubemx/CMakeFiles/STM32_Drivers.dir/__/__/Core/Src/system_stm32l4xx.c.obj
 .debug_macro   0x00022a74      0x37c cmake/stm32cubemx/CMakeFiles/STM32_Drivers.dir/__/__/Core/Src/system_stm32l4xx.c.obj
 .debug_macro   0x00022df0       0xd6 cmake/stm32cubemx/CMakeFiles/STM32_Drivers.dir/__/__/Core/Src/system_stm32l4xx.c.obj
 .debug_macro   0x00022ec6      0x122 cmake/stm32cubemx/CMakeFiles/STM32_Drivers.dir/__/__/Core/Src/system_stm32l4xx.c.obj
 .debug_macro   0x00022fe8      0x3ef cmake/stm32cubemx/CMakeFiles/STM32_Drivers.dir/__/__/Core/Src/system_stm32l4xx.c.obj
 .debug_macro   0x000233d7      0x330 cmake/stm32cubemx/CMakeFiles/STM32_Drivers.dir/__/__/Core/Src/system_stm32l4xx.c.obj
 .debug_macro   0x00023707      0x1f5 cmake/stm32cubemx/CMakeFiles/STM32_Drivers.dir/__/__/Drivers/STM32L4xx_HAL_Driver/Src/stm32l4xx_hal.c.obj
 .debug_macro   0x000238fc      0x1ae cmake/stm32cubemx/CMakeFiles/STM32_Drivers.dir/__/__/Drivers/STM32L4xx_HAL_Driver/Src/stm32l4xx_hal_gpio.c.obj
 .debug_macro   0x00023aaa      0x1a7 cmake/stm32cubemx/CMakeFiles/STM32_Drivers.dir/__/__/Drivers/STM32L4xx_HAL_Driver/Src/stm32l4xx_hal_cortex.c.obj
 .debug_macro   0x00023c51      0x1e2 CMakeFiles/A1_execution_timing.dir/Core/Src/main.c.obj
 .debug_macro   0x00023e33      0x1bb CMakeFiles/A1_execution_timing.dir/Core/Src/main.c.obj
 .debug_macro   0x00023fee       0x40 CMakeFiles/A1_execution_timing.dir/Core/Src/main.c.obj
 .debug_macro   0x0002402e       0x22 CMakeFiles/A1_execution_timing.dir/Core/Src/main.c.obj
 .debug_macro   0x00024050      0x1c9 CMakeFiles/A1_execution_timing.dir/Core/Src/stm32l4xx_it.c.obj
 .debug_macro   0x00024219      0x1bf CMakeFiles/A1_execution_timing.dir/Core/Src/stm32l4xx_hal_msp.c.obj

.debug_line     0x00000000     0x3fca
 .debug_line    0x00000000      0x70a cmake/stm32cubemx/CMakeFiles/STM32_Drivers.dir/__/__/Core/Src/system_stm32l4xx.c.obj
 .debug_line    0x0000070a      0xa78 cmake/stm32cubemx/CMakeFiles/STM32_Drivers.dir/__/__/Drivers/STM32L4xx_HAL_Driver/Src/stm32l4xx_hal.c.obj
 .debug_line    0x00001182      0xac8 cmake/stm32cubemx/CMakeFiles/STM32_Drivers.dir/__/__/Drivers/STM32L4xx_HAL_Driver/Src/stm32l4xx_hal_gpio.c.obj
 .debug_line    0x00001c4a      0xc21 cmake/stm32cubemx/CMakeFiles/STM32_Drivers.dir/__/__/Drivers/STM32L4xx_HAL_Driver/Src/stm32l4xx_hal_cortex.c.obj
 .debug_line    0x0000286b      0x84e CMakeFiles/A1_execution_timing.dir/Core/Src/main.c.obj
 .debug_line    0x000030b9      0x7af CMakeFiles/A1_execution_timing.dir/Core/Src/stm32l4xx_it.c.obj
 .debug_line    0x00003868      0x6e8 CMakeFiles/A1_execution_timing.dir/Core/Src/stm32l4xx_hal_msp.c.obj
 .debug_line    0x00003f50       0x7a CMakeFiles/A1_execution_timing.dir/startup_stm32l476xx.s.obj

.debug_str      0x00000000    0xe017b
 .debug_str     0x00000000    0xe017b cmake/stm32cubemx/CMakeFiles/STM32_Drivers.dir/__/__/Core/Src/system_stm32l4xx.c.obj
                              0xde376 (size before relaxing)
 .debug_str     0x000e017b        0x0 cmake/stm32cubemx/CMakeFiles/STM32_Drivers.dir/__/__/Drivers/STM32L4xx_HAL_Driver/Src/stm32l4xx_hal.c.obj
                              0xdef8a (size before relaxing)
 .debug_str     0x000e017b        0x0 cmake/stm32cubemx/CMakeFiles/STM32_Drivers.dir/__/__/Drivers/STM32L4xx_HAL_Driver/Src/stm32l4xx_hal_gpio.c.obj
                              0xde501 (size before relaxing)
 .debug_str     0x000e017b        0x0 cmake/stm32cubemx/CMakeFiles/STM32_Drivers.dir/__/__/Drivers/STM32L4xx_HAL_Driver/Src/stm32l4xx_hal_cortex.c.obj
                              0xdebef (size before relaxing)
 .debug_str     0x000e017b        0x0 CMakeFiles/A1_execution_timing.dir/Core/Src/main.c.obj
                              0xdf0cf (size before relaxing)
 .debug_str     0x000e017b        0x0 CMakeFiles/A1_execution_timing.dir/Core/Src/stm32l4xx_it.c.obj
                              0xdeee6 (size before relaxing)
 .debug_str     0x000e017b        0x0 CMakeFiles/A1_execution_timing.dir/Core/Src/stm32l4xx_hal_msp.c.obj
                              0xdef6b (size before relaxing)
 .debug_str     0x000e017b        0x0 CMakeFiles/A1_execution_timing.dir/startup_stm32l476xx.s.obj
                                 0x9c (size before relaxing)

.debug_frame    0x00000000      0xdb4
 .debug_frame   0x00000000       0x58 cmake/stm32cubemx/CMakeFiles/STM32_Drivers.dir/__/__/Core/Src/system_stm32l4xx.c.obj
 .debug_frame   0x00000058      0x498 cmake/stm32cubemx/CMakeFiles/STM32_Drivers.dir/__/__/Drivers/STM32L4xx_HAL_Driver/Src/stm32l4xx_hal.c.obj
 .debug_frame   0x000004f0      0x14c cmake/stm32cubemx/CMakeFiles/STM32_Drivers.dir/__/__/Drivers/STM32L4xx_HAL_Driver/Src/stm32l4xx_hal_gpio.c.obj
 .debug_frame   0x0000063c      0x4e8 cmake/stm32cubemx/CMakeFiles/STM32_Drivers.dir/__/__/Drivers/STM32L4xx_HAL_Driver/Src/stm32l4xx_hal_cortex.c.obj
 .debug_frame   0x00000b24      0x10c CMakeFiles/A1_execution_timing.dir/Core/Src/main.c.obj
 .debug_frame   0x00000c30      0x120 CMakeFiles/A1_execution_timing.dir/Core/Src/stm32l4xx_it.c.obj
 .debug_frame   0x00000d50       0x38 CMakeFiles/A1_execution_timing.dir/Core/Src/stm32l4xx_hal_msp.c.obj
 .debug_frame   0x00000d88       0x2c /Applications/ArmGNUToolchain/15.3.rel1/arm-none-eabi/bin/../lib/gcc/arm-none-eabi/15.3.1/../../../../arm-none-eabi/lib/thumb/v7e-m+fp/hard/libg_nano.a(libc_a-init.o)

.debug_line_str
                0x00000000       0x80
 .debug_line_str
                0x00000000       0x80 CMakeFiles/A1_execution_timing.dir/startup_stm32l476xx.s.obj
