/Users/alan/Projects/STM32/A1_execution_timing/Core/Src/main.c:14:6:gpio_init	4	static
/Users/alan/Projects/STM32/A1_execution_timing/Core/Src/main.c:40:6:PCA_is_high	4	static
/Users/alan/Projects/STM32/A1_execution_timing/Core/Src/main.c:45:6:button_delay	8	static
/Users/alan/Projects/STM32/A1_execution_timing/Core/Src/main.c:50:6:button_is_pressed	8	static
/Users/alan/Projects/STM32/A1_execution_timing/Core/Src/main.c:62:6:LED_turn_on	4	static
/Users/alan/Projects/STM32/A1_execution_timing/Core/Src/main.c:69:6:LED_turn_off	4	static
/Users/alan/Projects/STM32/A1_execution_timing/Core/Src/main.c:76:6:count_display	16	static
/Users/alan/Projects/STM32/A1_execution_timing/Core/Src/main.c:84:5:main	16	static
